Running 9 pr-tier fixture(s) through htdemucs + htdemucs.dual.fp32.onnx...
  synth-silence-343980: (2, 343980) ... Unwrapped BagOfModels → HTDemucs
Loaded htdemucs model: 41,984,456 parameters
Model segment: 39/5s = 343980 frames
mse=0.0
  synth-noise-343980: (2, 343980) ... Unwrapped BagOfModels → HTDemucs
Loaded htdemucs model: 41,984,456 parameters
Model segment: 39/5s = 343980 frames
mse=5.4285947775751744e-11
  synth-sine-sweep-343980: (2, 343980) ... Unwrapped BagOfModels → HTDemucs
Loaded htdemucs model: 41,984,456 parameters
Model segment: 39/5s = 343980 frames
mse=2.2077068297795568e-06
  synth-multitone-343980: (2, 343980) ... Unwrapped BagOfModels → HTDemucs
Loaded htdemucs model: 41,984,456 parameters
Model segment: 39/5s = 343980 frames
mse=1.5496457303807737e-11
  synth-impulse-343980: (2, 343980) ... Unwrapped BagOfModels → HTDemucs
Loaded htdemucs model: 41,984,456 parameters
Model segment: 39/5s = 343980 frames
mse=0.00010301999637573607
  synth-chunk-boundary-687960: (2, 687960) ... Unwrapped BagOfModels → HTDemucs
Loaded htdemucs model: 41,984,456 parameters
Model segment: 39/5s = 343980 frames
mse=4.7147627973443244e-11
  synth-clipping-343980: (2, 343980) ... Unwrapped BagOfModels → HTDemucs
Loaded htdemucs model: 41,984,456 parameters
Model segment: 39/5s = 343980 frames
mse=9.759310137210857e-10
  synth-low-level-343980: (2, 343980) ... Unwrapped BagOfModels → HTDemucs
Loaded htdemucs model: 41,984,456 parameters
Model segment: 39/5s = 343980 frames
mse=5.396884191155845e-13
  synth-channel-imbalance-343980: (2, 343980) ... Unwrapped BagOfModels → HTDemucs
Loaded htdemucs model: 41,984,456 parameters
Model segment: 39/5s = 343980 frames
mse=7.779283945335539e-11

report: /tmp/okm/waveform-quality-report.json
OK
